Vercel CLI 50.1.3
Retrieving project…
Deploying gregs-projects-08c28dec/affiliate-platform
Uploading [--------------------] (0.0B/93B)
Uploading [====================] (93.0B/93B)
Inspect: https://vercel.com/gregs-projects-08c28dec/affiliate-platform/EnpXjSaFHDqdWh26sV5KGdiQe8zo [3s]
Production: https://affiliate-platform-mwireb9rz-gregs-projects-08c28dec.vercel.app [3s]
https://affiliate-platform-mwireb9rz-gregs-projects-08c28dec.vercel.appQueued...
Queued...
Building: Running build in Washington, D.C., USA (East) – iad1
Building: Build machine configuration: 4 cores, 8 GB
Building: Retrieving list of deployment files...
Building: Downloading 338 deployment files...
Building: Restored build cache from previous deployment (FJ59Khtcrt885tVMDKegxyp4oAHN)
Building: Running "vercel build"
Building: Vercel CLI 50.1.6
Building: Installing dependencies...
Building: up to date in 990ms
Building: 157 packages are looking for funding
Building: run `npm fund` for details
Building: Detected Next.js version: 14.2.0
Building: Running "npm run build"
Building: > affiliate-platform@1.0.0 build
Building: > next build
Building: ▲ Next.js 14.2.0
Building: Creating an optimized production build ...
Error: Command "npm run build" exited with 1
